00:13:42 **** Incremental Build of configuration Debug for project 001HelloWorld ****
make -j16 all 
arm-none-eabi-gcc "../Src/syscalls.c" -mcpu=cortex-m7 -std=gnu11 -g3 -DDEBUG -DSTM32 -DSTM32F7 -DSTM32F767ZITx -c -I../Inc -O0 -ffunction-sections -fdata-sections -Wall -fstack-usage -MMD -MP -MF"Src/syscalls.d" -MT"Src/syscalls.o" --specs=nano.specs -mfloat-abi=soft -mthumb -o "Src/syscalls.o"
arm-none-eabi-gcc -o "001HelloWorld.elf" @"objects.list"   -mcpu=cortex-m7 -T"D:\Coding\Master Microcontroller and Embedded device driver\MCU1-course\MCU1\001HelloWorld\STM32F767ZITX_FLASH.ld" --specs=nosys.specs -Wl,-Map="001HelloWorld.map" -Wl,--gc-sections -static --specs=nano.specs -mfloat-abi=soft -mthumb -Wl,--start-group -lc -lm -Wl,--end-group
Finished building target: 001HelloWorld.elf
 
arm-none-eabi-size   001HelloWorld.elf 
arm-none-eabi-objdump -h -S  001HelloWorld.elf  > "001HelloWorld.list"
arm-none-eabi-objcopy  -O binary  001HelloWorld.elf  "001HelloWorld.bin"
   text	   data	    bss	    dec	    hex	filename
   3740	    108	   1596	   5444	   1544	001HelloWorld.elf
Finished building: default.size.stdout
 
Finished building: 001HelloWorld.bin
Finished building: 001HelloWorld.list
 
 
00:14:20 **** Incremental Build of configuration Debug for project 001HelloWorld ****
make -j16 all 
arm-none-eabi-size   001HelloWorld.elf 
   text	   data	    bss	    dec	    hex	filename
   3740	    108	   1596	   5444	   1544	001HelloWorld.elf
Finished building: default.size.stdout
 
